// Jest Snapshot v1, https://goo.gl/fbAQLP

exports[`renders home correctly 1`] = `
<div>
  <h1>
    File sharing page.
  </h1>
  <button
    onClick={[Function]}
  >
    Click me
  </button>
  <p>
    Lorem ipsum dolor sit amet, tellus fringilla vitae, erat odio sapien donec ut nibh purus. Arcu purus vel mi eu, nunc sed id quis. Erat vitae, dis erat malesuada sed a, proin pulvinar. Tempor in quam amet wisi ante, sed sagittis sed, varius cursus facilisi ipsum elit, elit eu in praesent magna. Ac dolor etiam, eros consectetuer suspendisse amet, sit ac rutrum. Tristique porta turpis nunc, amet mauris a proin sodales, ut dictum. At ut dui id mauris, sem aenean est, lobortis nibh sed a integer mauris magna, habitant id gravida. Libero amet vel, tincidunt praesent pulvinar. Et id, commodo eu tellus vitae nunc ac, vel quisque urna eu ante lectus morbi. Sollicitudin pellentesque lacus amet dolor aliquam. In non habitasse, maecenas arcu tincidunt nostra id felis egestas, in ut donec turpis sodales urna erat. Sodales sint lorem eget at tincidunt, mauris sodales, mauris et vel suspendisse at nec.
  </p>
  <p>
    Nunc tempor proin vulputate et. Lectus mollis, interdum leo vestibulum a natoque sed enim, bibendum fermentum diam dolor cras placerat, consectetuer eleifend neque per ridiculus. Non a arcu phasellus per, magna rutrum vehicula. Curabitur ipsum morbi amet, ipsum incididunt donec interdum eu aliquam per, vestibulum volutpat integer justo donec vestibulum magna, dictum ut. A quaerat morbi torquent ultrices elit accumsan, est volutpat vitae lacus, consectetuer interdum. Curabitur nisl praesent nisl.
  </p>
  <p>
    Velit nec, ullamcorper vitae, tellus bibendum mi scelerisque orci rutrum, non sodales curabitur rhoncus. Dis neque posuere sint non, ante euismod ut, porro eget platea adipiscing interdum phasellus aliquet. Ullamcorper justo, turpis integer enim, lectus libero nec feugiat, nulla ipsum pretium lectus faucibus tortor nunc, sed eum. Cras quam ornare adipiscing libero, dolor justo, mauris mus quis rhoncus, lectus duis sed pretium tortor suspendisse, est consectetuer. Suspendisse scelerisque in sem nulla, taciti tellus pretium non lorem felis, sit mattis velit tempus, sed ut id, vel donec in curae. Vehicula ipsum, diam ante cursus, et aliquam dolor enim urna dui, eros eget, molestie dictum justo massa. Vel enim orci viverra. Nam pede diam aenean porta ante.
  </p>
  <p>
    Fusce nullam praesent lorem morbi auctor. Ut sit feugiat dictum varius, illum ultricies mauris vivamus id porta in, eget sodales magna asperiores nunc massa placeat, erat quidem molestiae dui, massa in eget lorem placerat et. Aptent ut metus tortor et, litora ultrices wisi purus in nibh, nam sit scelerisque eget eu lacinia. Vitae accumsan interdum ligula imperdiet, ut turpis sed ipsum nulla, a nonummy risus autem elementum purus, aenean blandit nam, id pulvinar sit leo elementum. Eget vel, erat vitae id elit, duis vestibulum a, ac vivamus vel venenatis sapien ut arcu, amet sed pede mi. Vehicula ultricies non mollis sed augue cursus, tincidunt porttitor imperdiet vel in, quam dui lorem sit.
  </p>
</div>
`;
